// Jest Snapshot v1, https://goo.gl/fbAQLP

exports[`Testing EmailsInput component... EmailsInput component snapshot 1`] = `
<div
  class="emails-input"
>
  
      
  <div
    class="emails-input__container"
  >
    <div
      class="emails-input__email email"
    >
      ann@miro.com
        
      <button
        class="email__btn-delete"
        title="Delete email"
      >
        ✖
      </button>
      
    
    </div>
    <div
      class="emails-input__email email email--invalid"
    >
      invalid.email
        
      <button
        class="email__btn-delete"
        title="Delete email"
      >
        ✖
      </button>
      
    
    </div>
    <div
      class="emails-input__email email"
    >
      john@miro.com
        
      <button
        class="email__btn-delete"
        title="Delete email"
      >
        ✖
      </button>
      
    
    </div>
    <div
      class="emails-input__email email"
    >
      mpoliakov@gmail.com
        
      <button
        class="email__btn-delete"
        title="Delete email"
      >
        ✖
      </button>
      
    
    </div>
  </div>
  <input
    class="emails-input__input"
    placeholder="add more people..."
    type="email"
  />
  
    
</div>
`;
